// Jest Snapshot v1, https://goo.gl/fbAQLP

exports[`zowe-cli-sample fail command should display the help 1`] = `
"
 DESCRIPTION
 -----------

   [actions] in Zowe CLI are groups of commands. [actions] are always verbs. For
   example, for command \\"zowe zos-files delete data-set\\", the [action] is \\"delete\\".

   For this action (\\"fail\\") we will fail handlers.

 USAGE
 -----

   zowe zowe-cli-sample fail [command]

 COMMANDS
 --------

   error-handler | eh [object] error-handler always fails!

 GLOBAL OPTIONS
 --------------

   --response-format-json  | --rfj (boolean)

      Produce the command response as a JSON document

   --help  | -h (boolean)

      Display help text

"
`;
