// Jest Snapshot v1, https://goo.gl/fbAQLP

exports[`main success should log initialization messages 1`] = `" Imperative Initialized the sample plugin CLI! Parsed the input command!"`;
