// Jest Snapshot v1, https://goo.gl/fbAQLP

exports[`command-with-options handler should accept options and print messages 1`] = `"\\"zowe fake\\" command issued!"`;

exports[`command-with-options handler should accept options and print messages 2`] = `
" \\"zowe fake\\" command issued! The string specified:
mocked string The number specified was \\"0\\"."
`;
